* 挂载新加的磁盘

1. 切换到root用户

``` shell
guanyin@software:~$ su
密码：
root@software:/usr/work/guanyin#
```

2. 查看新添加的磁盘分区

这块千万分清楚新加的磁盘和旧磁盘

``` shell
root@software:/usr/work/guanyin# fdisk  -l
Disk /dev/sda: 3.7 TiB, 4000787030016 bytes, 7814037168 sectors
Units: sectors of 1 * 512 = 512 bytes
Sector size (logical/physical): 512 bytes / 4096 bytes
I/O size (minimum/optimal): 4096 bytes / 4096 bytes


Disk /dev/sdb: 1.8 TiB, 2000398934016 bytes, 3907029168 sectors
Units: sectors of 1 * 512 = 512 bytes
Sector size (logical/physical): 512 bytes / 512 bytes
I/O size (minimum/optimal): 512 bytes / 512 bytes
Disklabel type: dos
Disk identifier: 0x000ec515

设备       启动     Start     末尾     扇区  Size Id 类型
/dev/sdb1  *         2048   97656831   97654784 46.6G 83 Linux
/dev/sdb2        97658878 3907028991 3809370114  1.8T  5 扩展
/dev/sdb5        97658880  128907263   31248384 14.9G 82 Linux 交换 / Solaris
/dev/sdb6       128909312 3907028991 3778119680  1.8T 83 Linux
```

3. 格式化

```
root@software:/usr/work/guanyin# mkfs.ext4 /dev/sda
mke2fs 1.42.13 (17-May-2015)
Creating filesystem with 976754646 4k blocks and 244195328 inodes
Filesystem UUID: 558f55a3-3bde-477c-8932-51b887492217
Superblock backups stored on blocks:
        32768, 98304, 163840, 229376, 294912, 819200, 884736, 1605632, 2654208,
        4096000, 7962624, 11239424, 20480000, 23887872, 71663616, 78675968,
        102400000, 214990848, 512000000, 550731776, 644972544

Allocating group tables: 完成
正在写入inode表: 完成
Creating journal (32768 blocks): 完成
Writing superblocks and filesystem accounting information:
完成
```

4. 挂载

```shell
root@software:/usr/work/guanyin# mount /dev/sda /usr/work/guanyin/sda/
```



5. 更改权限

```shell
root@software:/usr/work/guanyin# chown guanyin:guanyin  sda
```

